
Memory Configuration

Name             Origin             Length             Attributes
flash            0x00000000         0x00020000         xr
sram             0x20000000         0x00005000         xrw
*default*        0x00000000         0xffffffff

Linker script and memory map


.text           0x00000000      0x10c
 *(.vectors*)
 .vectors       0x00000000       0x10 startup.o
                0x00000000                vectors
 *(.text*)
 .text          0x00000010       0x6c app.o
                0x00000010                main
 .text          0x0000007c       0x90 startup.o
                0x0000007c                Reset_Handler
                0x00000100                H_Fault_Handler
                0x00000100                Default_Handler
                0x00000100                NMI_Handler
 *(.rodata)
                0x0000010c                        _E_text = .

.glue_7         0x0000010c        0x0
 .glue_7        0x0000010c        0x0 linker stubs

.glue_7t        0x0000010c        0x0
 .glue_7t       0x0000010c        0x0 linker stubs

.vfp11_veneer   0x0000010c        0x0
 .vfp11_veneer  0x0000010c        0x0 linker stubs

.v4_bx          0x0000010c        0x0
 .v4_bx         0x0000010c        0x0 linker stubs

.iplt           0x0000010c        0x0
 .iplt          0x0000010c        0x0 startup.o

.rel.dyn        0x0000010c        0x0
 .rel.iplt      0x0000010c        0x0 startup.o

.data           0x20000000        0x0 load address 0x0000010c
                0x20000000                        _S_DATA = .
 *(.data)
 .data          0x20000000        0x0 app.o
 .data          0x20000000        0x0 startup.o
                0x20000000                        _E_DATA = .

.igot.plt       0x20000000        0x0 load address 0x0000010c
 .igot.plt      0x20000000        0x0 startup.o

.bss            0x20000000      0x400 load address 0x0000010c
                0x20000000                        _S_BSS = .
 *(.bss*)
 .bss           0x20000000        0x0 app.o
 .bss           0x20000000      0x400 startup.o
                0x20000400                        _E_BSS = .
LOAD app.o
LOAD startup.o
OUTPUT(lab3.elf elf32-littlearm)
LOAD linker stubs

.debug_info     0x00000000      0x2af
 .debug_info    0x00000000       0xa5 app.o
 .debug_info    0x000000a5      0x20a startup.o

.debug_abbrev   0x00000000      0x180
 .debug_abbrev  0x00000000       0x6b app.o
 .debug_abbrev  0x0000006b      0x115 startup.o

.debug_loc      0x00000000       0xb4
 .debug_loc     0x00000000       0x38 app.o
 .debug_loc     0x00000038       0x7c startup.o

.debug_aranges  0x00000000       0x40
 .debug_aranges
                0x00000000       0x20 app.o
 .debug_aranges
                0x00000020       0x20 startup.o

.debug_line     0x00000000      0x272
 .debug_line    0x00000000       0x8e app.o
 .debug_line    0x0000008e      0x1e4 startup.o

.debug_str      0x00000000      0x19a
 .debug_str     0x00000000      0x106 app.o
                                0x13a (size before relaxing)
 .debug_str     0x00000106       0x94 startup.o
                                0x1d9 (size before relaxing)

.comment        0x00000000       0x55
 .comment       0x00000000       0x55 app.o
                                 0x56 (size before relaxing)
 .comment       0x00000055       0x56 startup.o

.ARM.attributes
                0x00000000       0x2e
 .ARM.attributes
                0x00000000       0x2e app.o
 .ARM.attributes
                0x0000002e       0x2e startup.o

.debug_frame    0x00000000       0x7c
 .debug_frame   0x00000000       0x2c app.o
 .debug_frame   0x0000002c       0x50 startup.o
