
Memory Configuration

Name             Origin             Length             Attributes
flash            0x08000000         0x00020000         xr
sram             0x20000000         0x00005000         xrw
*default*        0x00000000         0xffffffff

Linker script and memory map


.text           0x08000000      0x108
 *(.vectors*)
 .vectors       0x08000000       0x10 startup.o
                0x08000000                vectors
 *(.text*)
 .text          0x08000010       0x68 app.o
                0x08000010                main
 .text          0x08000078       0x90 startup.o
                0x08000078                Reset_Handler
                0x080000fc                H_Fault_Handler
                0x080000fc                Default_Handler
                0x080000fc                NMI_Handler
                0x08000108                        _E_text = .

.glue_7         0x08000108        0x0
 .glue_7        0x08000108        0x0 linker stubs

.glue_7t        0x08000108        0x0
 .glue_7t       0x08000108        0x0 linker stubs

.vfp11_veneer   0x08000108        0x0
 .vfp11_veneer  0x08000108        0x0 linker stubs

.v4_bx          0x08000108        0x0
 .v4_bx         0x08000108        0x0 linker stubs

.iplt           0x08000108        0x0
 .iplt          0x08000108        0x0 startup.o

.rodata         0x08000108        0x4
 .rodata        0x08000108        0x4 app.o
                0x08000108                PA

.rel.dyn        0x0800010c        0x0
 .rel.iplt      0x0800010c        0x0 startup.o

.data           0x20000000        0x4 load address 0x0800010c
                0x20000000                        _S_DATA = .
 *(.data)
 .data          0x20000000        0x4 app.o
                0x20000000                var
 .data          0x20000004        0x0 startup.o
                0x20000004                        _E_DATA = .

.igot.plt       0x20000004        0x0 load address 0x08000110
 .igot.plt      0x20000004        0x0 startup.o

.bss            0x20000004      0x190 load address 0x08000110
                0x20000004                        _S_BSS = .
 *(.bss*)
 .bss           0x20000004      0x190 app.o
 .bss           0x20000194        0x0 startup.o
                0x20000194                        _E_BSS = .
                0x20001194                        stack_top = (. + 0x1000)
LOAD app.o
LOAD startup.o
OUTPUT(lab2.elf elf32-littlearm)
LOAD linker stubs

.debug_info     0x00000000      0x33d
 .debug_info    0x00000000      0x174 app.o
 .debug_info    0x00000174      0x1c9 startup.o

.debug_abbrev   0x00000000      0x1f6
 .debug_abbrev  0x00000000       0xfb app.o
 .debug_abbrev  0x000000fb       0xfb startup.o

.debug_loc      0x00000000       0xb4
 .debug_loc     0x00000000       0x38 app.o
 .debug_loc     0x00000038       0x7c startup.o

.debug_aranges  0x00000000       0x40
 .debug_aranges
                0x00000000       0x20 app.o
 .debug_aranges
                0x00000020       0x20 startup.o

.debug_line     0x00000000      0x253
 .debug_line    0x00000000       0x83 app.o
 .debug_line    0x00000083      0x1d0 startup.o

.debug_str      0x00000000      0x1b1
 .debug_str     0x00000000      0x11d app.o
                                0x151 (size before relaxing)
 .debug_str     0x0000011d       0x94 startup.o
                                0x1cb (size before relaxing)

.comment        0x00000000       0x55
 .comment       0x00000000       0x55 app.o
                                 0x56 (size before relaxing)
 .comment       0x00000055       0x56 startup.o

.ARM.attributes
                0x00000000       0x2d
 .ARM.attributes
                0x00000000       0x2d app.o
 .ARM.attributes
                0x0000002d       0x2d startup.o

.debug_frame    0x00000000       0x7c
 .debug_frame   0x00000000       0x2c app.o
 .debug_frame   0x0000002c       0x50 startup.o
